// Jest Snapshot v1, https://goo.gl/fbAQLP

exports[`creates issues when there are files that exist only in the repo directory 1`] = `
[
  {
    "kind": "extra_file",
    "name": "one.txt",
  },
  {
    "kind": "extra_file",
    "name": "two.txt",
  },
]
`;
