// Jest Snapshot v1, https://goo.gl/fbAQLP

exports[`processes files with template variables 1`] = `
"package is spatie/my-package
email is freek@spatie.be
website is https://spatie.be/open-source/support-us
"
`;
